<?xml version="1.0" encoding="ISO-8859-1" ?>
<link_info>
   <banner>MSP430 Linker PC v18.1.4.LTS</banner>
   <copyright>Copyright (c) 2003-2018 Texas Instruments Incorporated</copyright>
   <link_time>0x5dd61794</link_time>
   <link_errors>0x0</link_errors>
   <output_file>ECE298_demo_2.out</output_file>
   <entry_point>
      <name>_c_int00_noargs</name>
      <address>0xd78c</address>
   </entry_point>
   <input_file_list>
      <input_file id="fl-2">
         <path>.\</path>
         <kind>object</kind>
         <file>hal_LCD.obj</file>
         <name>hal_LCD.obj</name>
      </input_file>
      <input_file id="fl-3">
         <path>.\</path>
         <kind>object</kind>
         <file>main.obj</file>
         <name>main.obj</name>
      </input_file>
      <input_file id="fl-4">
         <path>.\driverlib\</path>
         <kind>object</kind>
         <file>adc.obj</file>
         <name>adc.obj</name>
      </input_file>
      <input_file id="fl-5">
         <path>.\driverlib\</path>
         <kind>object</kind>
         <file>crc.obj</file>
         <name>crc.obj</name>
      </input_file>
      <input_file id="fl-6">
         <path>.\driverlib\</path>
         <kind>object</kind>
         <file>cs.obj</file>
         <name>cs.obj</name>
      </input_file>
      <input_file id="fl-7">
         <path>.\driverlib\</path>
         <kind>object</kind>
         <file>ecomp.obj</file>
         <name>ecomp.obj</name>
      </input_file>
      <input_file id="fl-8">
         <path>.\driverlib\</path>
         <kind>object</kind>
         <file>eusci_a_spi.obj</file>
         <name>eusci_a_spi.obj</name>
      </input_file>
      <input_file id="fl-9">
         <path>.\driverlib\</path>
         <kind>object</kind>
         <file>eusci_a_uart.obj</file>
         <name>eusci_a_uart.obj</name>
      </input_file>
      <input_file id="fl-a">
         <path>.\driverlib\</path>
         <kind>object</kind>
         <file>eusci_b_i2c.obj</file>
         <name>eusci_b_i2c.obj</name>
      </input_file>
      <input_file id="fl-b">
         <path>.\driverlib\</path>
         <kind>object</kind>
         <file>eusci_b_spi.obj</file>
         <name>eusci_b_spi.obj</name>
      </input_file>
      <input_file id="fl-c">
         <path>.\driverlib\</path>
         <kind>object</kind>
         <file>framctl.obj</file>
         <name>framctl.obj</name>
      </input_file>
      <input_file id="fl-d">
         <path>.\driverlib\</path>
         <kind>object</kind>
         <file>gpio.obj</file>
         <name>gpio.obj</name>
      </input_file>
      <input_file id="fl-e">
         <path>.\driverlib\</path>
         <kind>object</kind>
         <file>icc.obj</file>
         <name>icc.obj</name>
      </input_file>
      <input_file id="fl-f">
         <path>.\driverlib\</path>
         <kind>object</kind>
         <file>lcd_e.obj</file>
         <name>lcd_e.obj</name>
      </input_file>
      <input_file id="fl-10">
         <path>.\driverlib\</path>
         <kind>object</kind>
         <file>mpy32.obj</file>
         <name>mpy32.obj</name>
      </input_file>
      <input_file id="fl-11">
         <path>.\driverlib\</path>
         <kind>object</kind>
         <file>pmm.obj</file>
         <name>pmm.obj</name>
      </input_file>
      <input_file id="fl-12">
         <path>.\driverlib\</path>
         <kind>object</kind>
         <file>rtc.obj</file>
         <name>rtc.obj</name>
      </input_file>
      <input_file id="fl-13">
         <path>.\driverlib\</path>
         <kind>object</kind>
         <file>sac.obj</file>
         <name>sac.obj</name>
      </input_file>
      <input_file id="fl-14">
         <path>.\driverlib\</path>
         <kind>object</kind>
         <file>sfr.obj</file>
         <name>sfr.obj</name>
      </input_file>
      <input_file id="fl-15">
         <path>.\driverlib\</path>
         <kind>object</kind>
         <file>sysctl.obj</file>
         <name>sysctl.obj</name>
      </input_file>
      <input_file id="fl-16">
         <path>.\driverlib\</path>
         <kind>object</kind>
         <file>tia.obj</file>
         <name>tia.obj</name>
      </input_file>
      <input_file id="fl-17">
         <path>.\driverlib\</path>
         <kind>object</kind>
         <file>timer_a.obj</file>
         <name>timer_a.obj</name>
      </input_file>
      <input_file id="fl-18">
         <path>.\driverlib\</path>
         <kind>object</kind>
         <file>timer_b.obj</file>
         <name>timer_b.obj</name>
      </input_file>
      <input_file id="fl-19">
         <path>.\driverlib\</path>
         <kind>object</kind>
         <file>tlv.obj</file>
         <name>tlv.obj</name>
      </input_file>
      <input_file id="fl-1a">
         <path>.\driverlib\</path>
         <kind>object</kind>
         <file>wdt_a.obj</file>
         <name>wdt_a.obj</name>
      </input_file>
      <input_file id="fl-1f">
         <kind>object</kind>
         <file>&lt;internal&gt;</file>
         <name>&lt;internal&gt;</name>
      </input_file>
      <input_file id="fl-35">
         <path>C:\ti\ccsv8\tools\compiler\ti-cgt-msp430_18.1.4.LTS\lib\</path>
         <kind>archive</kind>
         <file>rts430x_lc_sd_eabi.lib</file>
         <name>div16s.asm.obj</name>
      </input_file>
      <input_file id="fl-36">
         <path>C:\ti\ccsv8\tools\compiler\ti-cgt-msp430_18.1.4.LTS\lib\</path>
         <kind>archive</kind>
         <file>rts430x_lc_sd_eabi.lib</file>
         <name>div16u.asm.obj</name>
      </input_file>
      <input_file id="fl-37">
         <path>C:\ti\ccsv8\tools\compiler\ti-cgt-msp430_18.1.4.LTS\lib\</path>
         <kind>archive</kind>
         <file>rts430x_lc_sd_eabi.lib</file>
         <name>div32s.asm.obj</name>
      </input_file>
      <input_file id="fl-38">
         <path>C:\ti\ccsv8\tools\compiler\ti-cgt-msp430_18.1.4.LTS\lib\</path>
         <kind>archive</kind>
         <file>rts430x_lc_sd_eabi.lib</file>
         <name>div32u.asm.obj</name>
      </input_file>
      <input_file id="fl-39">
         <path>C:\ti\ccsv8\tools\compiler\ti-cgt-msp430_18.1.4.LTS\lib\</path>
         <kind>archive</kind>
         <file>rts430x_lc_sd_eabi.lib</file>
         <name>int45.asm.obj</name>
      </input_file>
      <input_file id="fl-3a">
         <path>C:\ti\ccsv8\tools\compiler\ti-cgt-msp430_18.1.4.LTS\lib\</path>
         <kind>archive</kind>
         <file>rts430x_lc_sd_eabi.lib</file>
         <name>int46.asm.obj</name>
      </input_file>
      <input_file id="fl-3b">
         <path>C:\ti\ccsv8\tools\compiler\ti-cgt-msp430_18.1.4.LTS\lib\</path>
         <kind>archive</kind>
         <file>rts430x_lc_sd_eabi.lib</file>
         <name>int47.asm.obj</name>
      </input_file>
      <input_file id="fl-3c">
         <path>C:\ti\ccsv8\tools\compiler\ti-cgt-msp430_18.1.4.LTS\lib\</path>
         <kind>archive</kind>
         <file>rts430x_lc_sd_eabi.lib</file>
         <name>int49.asm.obj</name>
      </input_file>
      <input_file id="fl-3d">
         <path>C:\ti\ccsv8\tools\compiler\ti-cgt-msp430_18.1.4.LTS\lib\</path>
         <kind>archive</kind>
         <file>rts430x_lc_sd_eabi.lib</file>
         <name>int50.asm.obj</name>
      </input_file>
      <input_file id="fl-3e">
         <path>C:\ti\ccsv8\tools\compiler\ti-cgt-msp430_18.1.4.LTS\lib\</path>
         <kind>archive</kind>
         <file>rts430x_lc_sd_eabi.lib</file>
         <name>int51.asm.obj</name>
      </input_file>
      <input_file id="fl-3f">
         <path>C:\ti\ccsv8\tools\compiler\ti-cgt-msp430_18.1.4.LTS\lib\</path>
         <kind>archive</kind>
         <file>rts430x_lc_sd_eabi.lib</file>
         <name>int53.asm.obj</name>
      </input_file>
      <input_file id="fl-40">
         <path>C:\ti\ccsv8\tools\compiler\ti-cgt-msp430_18.1.4.LTS\lib\</path>
         <kind>archive</kind>
         <file>rts430x_lc_sd_eabi.lib</file>
         <name>int54.asm.obj</name>
      </input_file>
      <input_file id="fl-41">
         <path>C:\ti\ccsv8\tools\compiler\ti-cgt-msp430_18.1.4.LTS\lib\</path>
         <kind>archive</kind>
         <file>rts430x_lc_sd_eabi.lib</file>
         <name>int55.asm.obj</name>
      </input_file>
      <input_file id="fl-42">
         <path>C:\ti\ccsv8\tools\compiler\ti-cgt-msp430_18.1.4.LTS\lib\</path>
         <kind>archive</kind>
         <file>rts430x_lc_sd_eabi.lib</file>
         <name>int56.asm.obj</name>
      </input_file>
      <input_file id="fl-43">
         <path>C:\ti\ccsv8\tools\compiler\ti-cgt-msp430_18.1.4.LTS\lib\</path>
         <kind>archive</kind>
         <file>rts430x_lc_sd_eabi.lib</file>
         <name>int57.asm.obj</name>
      </input_file>
      <input_file id="fl-44">
         <path>C:\ti\ccsv8\tools\compiler\ti-cgt-msp430_18.1.4.LTS\lib\</path>
         <kind>archive</kind>
         <file>rts430x_lc_sd_eabi.lib</file>
         <name>int58.asm.obj</name>
      </input_file>
      <input_file id="fl-45">
         <path>C:\ti\ccsv8\tools\compiler\ti-cgt-msp430_18.1.4.LTS\lib\</path>
         <kind>archive</kind>
         <file>rts430x_lc_sd_eabi.lib</file>
         <name>isr_trap.asm.obj</name>
      </input_file>
      <input_file id="fl-46">
         <path>C:\ti\ccsv8\tools\compiler\ti-cgt-msp430_18.1.4.LTS\lib\</path>
         <kind>archive</kind>
         <file>rts430x_lc_sd_eabi.lib</file>
         <name>lsl16.asm.obj</name>
      </input_file>
      <input_file id="fl-47">
         <path>C:\ti\ccsv8\tools\compiler\ti-cgt-msp430_18.1.4.LTS\lib\</path>
         <kind>archive</kind>
         <file>rts430x_lc_sd_eabi.lib</file>
         <name>lsr16.asm.obj</name>
      </input_file>
      <input_file id="fl-48">
         <path>C:\ti\ccsv8\tools\compiler\ti-cgt-msp430_18.1.4.LTS\lib\</path>
         <kind>archive</kind>
         <file>rts430x_lc_sd_eabi.lib</file>
         <name>mult16.asm.obj</name>
      </input_file>
      <input_file id="fl-49">
         <path>C:\ti\ccsv8\tools\compiler\ti-cgt-msp430_18.1.4.LTS\lib\</path>
         <kind>archive</kind>
         <file>rts430x_lc_sd_eabi.lib</file>
         <name>mult32.asm.obj</name>
      </input_file>
      <input_file id="fl-4a">
         <path>C:\ti\ccsv8\tools\compiler\ti-cgt-msp430_18.1.4.LTS\lib\</path>
         <kind>archive</kind>
         <file>rts430x_lc_sd_eabi.lib</file>
         <name>boot.c.obj</name>
      </input_file>
      <input_file id="fl-4b">
         <path>C:\ti\ccsv8\tools\compiler\ti-cgt-msp430_18.1.4.LTS\lib\</path>
         <kind>archive</kind>
         <file>rts430x_lc_sd_eabi.lib</file>
         <name>autoinit.c.obj</name>
      </input_file>
      <input_file id="fl-4c">
         <path>C:\ti\ccsv8\tools\compiler\ti-cgt-msp430_18.1.4.LTS\lib\</path>
         <kind>archive</kind>
         <file>rts430x_lc_sd_eabi.lib</file>
         <name>copy_zero_init.c.obj</name>
      </input_file>
      <input_file id="fl-4d">
         <path>C:\ti\ccsv8\tools\compiler\ti-cgt-msp430_18.1.4.LTS\lib\</path>
         <kind>archive</kind>
         <file>rts430x_lc_sd_eabi.lib</file>
         <name>cpy_tbl.c.obj</name>
      </input_file>
      <input_file id="fl-4e">
         <path>C:\ti\ccsv8\tools\compiler\ti-cgt-msp430_18.1.4.LTS\lib\</path>
         <kind>archive</kind>
         <file>rts430x_lc_sd_eabi.lib</file>
         <name>mpu_init.c.obj</name>
      </input_file>
      <input_file id="fl-4f">
         <path>C:\ti\ccsv8\tools\compiler\ti-cgt-msp430_18.1.4.LTS\lib\</path>
         <kind>archive</kind>
         <file>rts430x_lc_sd_eabi.lib</file>
         <name>pre_init.c.obj</name>
      </input_file>
      <input_file id="fl-50">
         <path>C:\ti\ccsv8\tools\compiler\ti-cgt-msp430_18.1.4.LTS\lib\</path>
         <kind>archive</kind>
         <file>rts430x_lc_sd_eabi.lib</file>
         <name>startup.c.obj</name>
      </input_file>
      <input_file id="fl-51">
         <path>C:\ti\ccsv8\tools\compiler\ti-cgt-msp430_18.1.4.LTS\lib\</path>
         <kind>archive</kind>
         <file>rts430x_lc_sd_eabi.lib</file>
         <name>copy_decompress_none.c.obj</name>
      </input_file>
      <input_file id="fl-52">
         <path>C:\ti\ccsv8\tools\compiler\ti-cgt-msp430_18.1.4.LTS\lib\</path>
         <kind>archive</kind>
         <file>rts430x_lc_sd_eabi.lib</file>
         <name>copy_decompress_lzss.c.obj</name>
      </input_file>
      <input_file id="fl-53">
         <path>C:\ti\ccsv8\tools\compiler\ti-cgt-msp430_18.1.4.LTS\lib\</path>
         <kind>archive</kind>
         <file>rts430x_lc_sd_eabi.lib</file>
         <name>exit.c.obj</name>
      </input_file>
      <input_file id="fl-54">
         <path>C:\ti\ccsv8\tools\compiler\ti-cgt-msp430_18.1.4.LTS\lib\</path>
         <kind>archive</kind>
         <file>rts430x_lc_sd_eabi.lib</file>
         <name>_lock.c.obj</name>
      </input_file>
      <input_file id="fl-55">
         <path>C:\ti\ccsv8\tools\compiler\ti-cgt-msp430_18.1.4.LTS\lib\</path>
         <kind>archive</kind>
         <file>rts430x_lc_sd_eabi.lib</file>
         <name>args_main.c.obj</name>
      </input_file>
      <input_file id="fl-56">
         <path>C:\ti\ccsv8\tools\compiler\ti-cgt-msp430_18.1.4.LTS\lib\</path>
         <kind>archive</kind>
         <file>rts430x_lc_sd_eabi.lib</file>
         <name>memcpy.c.obj</name>
      </input_file>
      <input_file id="fl-57">
         <path>C:\ti\ccsv8\tools\compiler\ti-cgt-msp430_18.1.4.LTS\lib\</path>
         <kind>archive</kind>
         <file>rts430x_lc_sd_eabi.lib</file>
         <name>memset.c.obj</name>
      </input_file>
      <input_file id="fl-58">
         <path>C:\ti\ccsv8\tools\compiler\ti-cgt-msp430_18.1.4.LTS\lib\</path>
         <kind>archive</kind>
         <file>rts430x_lc_sd_eabi.lib</file>
         <name>sprintf.c.obj</name>
      </input_file>
      <input_file id="fl-59">
         <path>C:\ti\ccsv8\tools\compiler\ti-cgt-msp430_18.1.4.LTS\lib\</path>
         <kind>archive</kind>
         <file>rts430x_lc_sd_eabi.lib</file>
         <name>strlen.c.obj</name>
      </input_file>
      <input_file id="fl-5a">
         <path>C:\ti\ccsv8\tools\compiler\ti-cgt-msp430_18.1.4.LTS\lib\</path>
         <kind>archive</kind>
         <file>rts430x_lc_sd_eabi.lib</file>
         <name>cpy_util.asm.obj</name>
      </input_file>
      <input_file id="fl-5b">
         <path>C:\ti\ccsv8\tools\compiler\ti-cgt-msp430_18.1.4.LTS\lib\</path>
         <kind>archive</kind>
         <file>rts430x_lc_sd_eabi.lib</file>
         <name>exit_gvars.c.obj</name>
      </input_file>
      <input_file id="fl-5c">
         <path>C:\ti\ccsv8\tools\compiler\ti-cgt-msp430_18.1.4.LTS\lib\</path>
         <kind>archive</kind>
         <file>rts430x_lc_sd_eabi.lib</file>
         <name>_printfi_min.c.obj</name>
      </input_file>
      <input_file id="fl-5d">
         <path>C:\ti\ccsv8\tools\compiler\ti-cgt-msp430_18.1.4.LTS\lib\</path>
         <kind>archive</kind>
         <file>rts430x_lc_sd_eabi.lib</file>
         <name>memccpy.c.obj</name>
      </input_file>
      <input_file id="fl-5e">
         <path>C:\ti\ccsv8\tools\compiler\ti-cgt-msp430_18.1.4.LTS\lib\</path>
         <kind>archive</kind>
         <file>rts430x_lc_sd_eabi.lib</file>
         <name>lsr64.c.obj</name>
      </input_file>
   </input_file_list>
   <object_component_list>
      <object_component id="oc-6b0">
         <name>.cinit..data.load</name>
         <load_address>0xc400</load_address>
         <run_address>0xc400</run_address>
         <size>0x12</size>
      </object_component>
      <object_component id="oc-6ad">
         <name>__TI_handler_table</name>
         <load_address>0xc412</load_address>
         <run_address>0xc412</run_address>
         <size>0xc</size>
      </object_component>
      <object_component id="oc-6af">
         <name>.cinit..bss.load</name>
         <load_address>0xc41e</load_address>
         <run_address>0xc41e</run_address>
         <size>0x6</size>
      </object_component>
      <object_component id="oc-6ae">
         <name>__TI_cinit_table</name>
         <load_address>0xc424</load_address>
         <run_address>0xc424</run_address>
         <size>0x10</size>
      </object_component>
      <object_component id="oc-645">
         <name>.binit</name>
         <load_address>0xc434</load_address>
         <run_address>0xc434</run_address>
         <size>0x0</size>
      </object_component>
      <object_component id="oc-496">
         <name>.const:alphabetBig</name>
         <load_address>0xc434</load_address>
         <run_address>0xc434</run_address>
         <size>0x34</size>
         <input_file_ref idref="fl-2"/>
      </object_component>
      <object_component id="oc-382">
         <name>.const:.string</name>
         <load_address>0xc468</load_address>
         <run_address>0xc468</run_address>
         <size>0x20</size>
         <input_file_ref idref="fl-3"/>
      </object_component>
      <object_component id="oc-46d">
         <name>.const:GPIO_PORT_TO_BASE</name>
         <load_address>0xc488</load_address>
         <run_address>0xc488</run_address>
         <size>0x1c</size>
         <input_file_ref idref="fl-d"/>
      </object_component>
      <object_component id="oc-626">
         <name>.const:.string</name>
         <load_address>0xc4a4</load_address>
         <run_address>0xc4a4</run_address>
         <size>0x14</size>
         <input_file_ref idref="fl-5c"/>
      </object_component>
      <object_component id="oc-499">
         <name>.const:digit</name>
         <load_address>0xc4b8</load_address>
         <run_address>0xc4b8</run_address>
         <size>0x14</size>
         <input_file_ref idref="fl-2"/>
      </object_component>
      <object_component id="oc-529">
         <name>.const:$P$T0$1</name>
         <load_address>0xc4cc</load_address>
         <run_address>0xc4cc</run_address>
         <size>0xa</size>
         <input_file_ref idref="fl-2"/>
      </object_component>
      <object_component id="oc-4b1">
         <name>.const:.string:$P$T1$2</name>
         <load_address>0xc4d6</load_address>
         <run_address>0xc4d6</run_address>
         <size>0x6</size>
         <input_file_ref idref="fl-2"/>
      </object_component>
      <object_component id="oc-487">
         <name>.const:.string:$P$T2$3</name>
         <load_address>0xc4dc</load_address>
         <run_address>0xc4dc</run_address>
         <size>0x6</size>
         <input_file_ref idref="fl-2"/>
      </object_component>
      <object_component id="oc-5f8">
         <name>.text:_setfield</name>
         <load_address>0xc4e2</load_address>
         <run_address>0xc4e2</run_address>
         <size>0x10e</size>
         <input_file_ref idref="fl-5c"/>
      </object_component>
      <object_component id="oc-45f">
         <name>.text:orange_and_red_led_on</name>
         <load_address>0xc5f0</load_address>
         <run_address>0xc5f0</run_address>
         <size>0x108</size>
         <input_file_ref idref="fl-3"/>
      </object_component>
      <object_component id="oc-64">
         <name>.text:decompress:lzss:__TI_decompress_lzss</name>
         <load_address>0xc6f8</load_address>
         <run_address>0xc6f8</run_address>
         <size>0xee</size>
         <input_file_ref idref="fl-52"/>
      </object_component>
      <object_component id="oc-317">
         <name>.text:main</name>
         <load_address>0xc7e6</load_address>
         <run_address>0xc7e6</run_address>
         <size>0xe8</size>
         <input_file_ref idref="fl-3"/>
      </object_component>
      <object_component id="oc-581">
         <name>.text:__TI_printfi_minimal</name>
         <load_address>0xc8ce</load_address>
         <run_address>0xc8ce</run_address>
         <size>0xe4</size>
         <input_file_ref idref="fl-5c"/>
      </object_component>
      <object_component id="oc-39b">
         <name>.text:displayScrollText</name>
         <load_address>0xc9b2</load_address>
         <run_address>0xc9b2</run_address>
         <size>0xd6</size>
         <input_file_ref idref="fl-2"/>
      </object_component>
      <object_component id="oc-40e">
         <name>.text:Init_LCD</name>
         <load_address>0xca88</load_address>
         <run_address>0xca88</run_address>
         <size>0xd2</size>
         <input_file_ref idref="fl-2"/>
      </object_component>
      <object_component id="oc-3fc">
         <name>.text:Init_GPIO</name>
         <load_address>0xcb5a</load_address>
         <run_address>0xcb5a</run_address>
         <size>0xcc</size>
         <input_file_ref idref="fl-3"/>
      </object_component>
      <object_component id="oc-516">
         <name>.text:CS_initClockSignal</name>
         <load_address>0xcc26</load_address>
         <run_address>0xcc26</run_address>
         <size>0xc8</size>
         <input_file_ref idref="fl-6"/>
      </object_component>
      <object_component id="oc-627">
         <name>.text:_pproc_diouxp</name>
         <load_address>0xccee</load_address>
         <run_address>0xccee</run_address>
         <size>0xc4</size>
         <input_file_ref idref="fl-5c"/>
      </object_component>
      <object_component id="oc-383">
         <name>.text:displayStaticText</name>
         <load_address>0xcdb2</load_address>
         <run_address>0xcdb2</run_address>
         <size>0xac</size>
         <input_file_ref idref="fl-2"/>
      </object_component>
      <object_component id="oc-550">
         <name>.text:LCD_E_setPinAsCOM</name>
         <load_address>0xce5e</load_address>
         <run_address>0xce5e</run_address>
         <size>0x9e</size>
         <input_file_ref idref="fl-f"/>
      </object_component>
      <object_component id="oc-348">
         <name>.text:initialize_board</name>
         <load_address>0xcefc</load_address>
         <run_address>0xcefc</run_address>
         <size>0x9a</size>
         <input_file_ref idref="fl-3"/>
      </object_component>
      <object_component id="oc-3a7">
         <name>.text:set_time</name>
         <load_address>0xcf96</load_address>
         <run_address>0xcf96</run_address>
         <size>0x94</size>
         <input_file_ref idref="fl-3"/>
      </object_component>
      <object_component id="oc-523">
         <name>.text:LCD_E_setPinAsLCDFunctionEx</name>
         <load_address>0xd02a</load_address>
         <run_address>0xd02a</run_address>
         <size>0x80</size>
         <input_file_ref idref="fl-f"/>
      </object_component>
      <object_component id="oc-389">
         <name>.text:showChar</name>
         <load_address>0xd0aa</load_address>
         <run_address>0xd0aa</run_address>
         <size>0x7a</size>
         <input_file_ref idref="fl-2"/>
      </object_component>
      <object_component id="oc-37c">
         <name>.text:start_countback</name>
         <load_address>0xd124</load_address>
         <run_address>0xd124</run_address>
         <size>0x74</size>
         <input_file_ref idref="fl-3"/>
      </object_component>
      <object_component id="oc-3d9">
         <name>.text:__TI_auto_init_nobinit_nopinit_hold_wdt:__TI_auto_init_nobinit_nopinit_hold_wdt</name>
         <load_address>0xd198</load_address>
         <run_address>0xd198</run_address>
         <size>0x6a</size>
         <input_file_ref idref="fl-4b"/>
      </object_component>
      <object_component id="oc-395">
         <name>.text:reset_alarm</name>
         <load_address>0xd202</load_address>
         <run_address>0xd202</run_address>
         <size>0x5a</size>
         <input_file_ref idref="fl-3"/>
      </object_component>
      <object_component id="oc-472">
         <name>.text:Timer_A_outputPWM</name>
         <load_address>0xd25c</load_address>
         <run_address>0xd25c</run_address>
         <size>0x50</size>
         <input_file_ref idref="fl-17"/>
      </object_component>
      <object_component id="oc-363">
         <name>.text:reed_fire</name>
         <load_address>0xd2ac</load_address>
         <run_address>0xd2ac</run_address>
         <size>0x4c</size>
         <input_file_ref idref="fl-3"/>
      </object_component>
      <object_component id="oc-28a">
         <name>.text:__memcpy_far</name>
         <load_address>0xd2f8</load_address>
         <run_address>0xd2f8</run_address>
         <size>0x40</size>
         <input_file_ref idref="fl-5a"/>
      </object_component>
      <object_component id="oc-408">
         <name>.text:Init_Clock</name>
         <load_address>0xd338</load_address>
         <run_address>0xd338</run_address>
         <size>0x3e</size>
         <input_file_ref idref="fl-3"/>
      </object_component>
      <object_component id="oc-376">
         <name>.text:clearLCD</name>
         <load_address>0xd376</load_address>
         <run_address>0xd376</run_address>
         <size>0x3e</size>
         <input_file_ref idref="fl-2"/>
      </object_component>
      <object_component id="oc-2a7">
         <name>.text:decompress:ZI:__TI_zero_init_nomemset:__TI_zero_init_nomemset</name>
         <load_address>0xd3b4</load_address>
         <run_address>0xd3b4</run_address>
         <size>0x3e</size>
         <input_file_ref idref="fl-4c"/>
      </object_component>
      <object_component id="oc-6a">
         <name>.text:decompress:none:__TI_decompress_none</name>
         <load_address>0xd3f2</load_address>
         <run_address>0xd3f2</run_address>
         <size>0x3c</size>
         <input_file_ref idref="fl-51"/>
      </object_component>
      <object_component id="oc-459">
         <name>.text:toggle_green_led_off</name>
         <load_address>0xd42e</load_address>
         <run_address>0xd42e</run_address>
         <size>0x3a</size>
         <input_file_ref idref="fl-3"/>
      </object_component>
      <object_component id="oc-465">
         <name>.text:toggle_green_led_on</name>
         <load_address>0xd468</load_address>
         <run_address>0xd468</run_address>
         <size>0x3a</size>
         <input_file_ref idref="fl-3"/>
      </object_component>
      <object_component id="oc-354">
         <name>.text:display_zone_states_lcd</name>
         <load_address>0xd4a2</load_address>
         <run_address>0xd4a2</run_address>
         <size>0x38</size>
         <input_file_ref idref="fl-3"/>
      </object_component>
      <object_component id="oc-47a">
         <name>.text:sprintf</name>
         <load_address>0xd4da</load_address>
         <run_address>0xd4da</run_address>
         <size>0x38</size>
         <input_file_ref idref="fl-58"/>
      </object_component>
      <object_component id="oc-50a">
         <name>.text:GPIO_setAsPeripheralModuleFunctionInputPin</name>
         <load_address>0xd512</load_address>
         <run_address>0xd512</run_address>
         <size>0x34</size>
         <input_file_ref idref="fl-d"/>
      </object_component>
      <object_component id="oc-503">
         <name>.text:GPIO_setAsPeripheralModuleFunctionOutputPin</name>
         <load_address>0xd546</load_address>
         <run_address>0xd546</run_address>
         <size>0x34</size>
         <input_file_ref idref="fl-d"/>
      </object_component>
      <object_component id="oc-35d">
         <name>.text:display_ok_zones_led</name>
         <load_address>0xd57a</load_address>
         <run_address>0xd57a</run_address>
         <size>0x34</size>
         <input_file_ref idref="fl-3"/>
      </object_component>
      <object_component id="oc-51c">
         <name>.text:CS_turnOnXT1LF</name>
         <load_address>0xd5ae</load_address>
         <run_address>0xd5ae</run_address>
         <size>0x30</size>
         <input_file_ref idref="fl-6"/>
      </object_component>
      <object_component id="oc-29b">
         <name>.text:_isr:ADC_ISR</name>
         <load_address>0xd5de</load_address>
         <run_address>0xd5de</run_address>
         <size>0x30</size>
         <input_file_ref idref="fl-3"/>
      </object_component>
      <object_component id="oc-402">
         <name>.text:Init_PWM</name>
         <load_address>0xd60e</load_address>
         <run_address>0xd60e</run_address>
         <size>0x2e</size>
         <input_file_ref idref="fl-3"/>
      </object_component>
      <object_component id="oc-491">
         <name>.text</name>
         <load_address>0xd63c</load_address>
         <run_address>0xd63c</run_address>
         <size>0x2c</size>
         <input_file_ref idref="fl-35"/>
      </object_component>
      <object_component id="oc-52c">
         <name>.text:LCD_E_init</name>
         <load_address>0xd668</load_address>
         <run_address>0xd668</run_address>
         <size>0x28</size>
         <input_file_ref idref="fl-f"/>
      </object_component>
      <object_component id="oc-38f">
         <name>.text:init_led_armed</name>
         <load_address>0xd690</load_address>
         <run_address>0xd690</run_address>
         <size>0x28</size>
         <input_file_ref idref="fl-3"/>
      </object_component>
      <object_component id="oc-3a1">
         <name>.text:init_led_unarmed</name>
         <load_address>0xd6b8</load_address>
         <run_address>0xd6b8</run_address>
         <size>0x28</size>
         <input_file_ref idref="fl-3"/>
      </object_component>
      <object_component id="oc-34e">
         <name>.text:reset_zone_states_lcd</name>
         <load_address>0xd6e0</load_address>
         <run_address>0xd6e0</run_address>
         <size>0x28</size>
         <input_file_ref idref="fl-3"/>
      </object_component>
      <object_component id="oc-4b6">
         <name>.text:show_time_lcd</name>
         <load_address>0xd708</load_address>
         <run_address>0xd708</run_address>
         <size>0x24</size>
         <input_file_ref idref="fl-3"/>
      </object_component>
      <object_component id="oc-41a">
         <name>.text:GPIO_setAsInputPinWithPullUpResistor</name>
         <load_address>0xd72c</load_address>
         <run_address>0xd72c</run_address>
         <size>0x22</size>
         <input_file_ref idref="fl-d"/>
      </object_component>
      <object_component id="oc-5d8">
         <name>.text:setLCDFunction</name>
         <load_address>0xd74e</load_address>
         <run_address>0xd74e</run_address>
         <size>0x20</size>
         <input_file_ref idref="fl-f"/>
      </object_component>
      <object_component id="oc-420">
         <name>.text:GPIO_setAsInputPin</name>
         <load_address>0xd76e</load_address>
         <run_address>0xd76e</run_address>
         <size>0x1e</size>
         <input_file_ref idref="fl-d"/>
      </object_component>
      <object_component id="oc-2b9">
         <name>.text:_isr:_c_int00_noargs</name>
         <load_address>0xd78c</load_address>
         <run_address>0xd78c</run_address>
         <size>0x1c</size>
         <input_file_ref idref="fl-4a"/>
      </object_component>
      <object_component id="oc-36a">
         <name>.text:GPIO_getInputPinValue</name>
         <load_address>0xd7a8</load_address>
         <run_address>0xd7a8</run_address>
         <size>0x1a</size>
         <input_file_ref idref="fl-d"/>
      </object_component>
      <object_component id="oc-426">
         <name>.text:GPIO_setAsOutputPin</name>
         <load_address>0xd7c2</load_address>
         <run_address>0xd7c2</run_address>
         <size>0x1a</size>
         <input_file_ref idref="fl-d"/>
      </object_component>
      <object_component id="oc-62d">
         <name>.text:memccpy</name>
         <load_address>0xd7dc</load_address>
         <run_address>0xd7dc</run_address>
         <size>0x1a</size>
         <input_file_ref idref="fl-5d"/>
      </object_component>
      <object_component id="oc-575">
         <name>.text:_outs</name>
         <load_address>0xd7f6</load_address>
         <run_address>0xd7f6</run_address>
         <size>0x18</size>
         <input_file_ref idref="fl-58"/>
      </object_component>
      <object_component id="oc-49d">
         <name>.text:GPIO_setOutputHighOnPin</name>
         <load_address>0xd80e</load_address>
         <run_address>0xd80e</run_address>
         <size>0x16</size>
         <input_file_ref idref="fl-d"/>
      </object_component>
      <object_component id="oc-4aa">
         <name>.text:GPIO_setOutputLowOnPin</name>
         <load_address>0xd824</load_address>
         <run_address>0xd824</run_address>
         <size>0x16</size>
         <input_file_ref idref="fl-d"/>
      </object_component>
      <object_component id="oc-3f6">
         <name>.text:WDT_A_hold</name>
         <load_address>0xd83a</load_address>
         <run_address>0xd83a</run_address>
         <size>0x16</size>
         <input_file_ref idref="fl-1a"/>
      </object_component>
      <object_component id="oc-58f">
         <name>.text</name>
         <load_address>0xd850</load_address>
         <run_address>0xd850</run_address>
         <size>0x16</size>
         <input_file_ref idref="fl-36"/>
      </object_component>
      <object_component id="oc-445">
         <name>.text:memset</name>
         <load_address>0xd866</load_address>
         <run_address>0xd866</run_address>
         <size>0x14</size>
         <input_file_ref idref="fl-57"/>
      </object_component>
      <object_component id="oc-4bc">
         <name>.text</name>
         <load_address>0xd87a</load_address>
         <run_address>0xd87a</run_address>
         <size>0x14</size>
         <input_file_ref idref="fl-48"/>
      </object_component>
      <object_component id="oc-532">
         <name>.text:LCD_E_setVLCDSource</name>
         <load_address>0xd88e</load_address>
         <run_address>0xd88e</run_address>
         <size>0x12</size>
         <input_file_ref idref="fl-f"/>
      </object_component>
      <object_component id="oc-43e">
         <name>.text:RTC_start</name>
         <load_address>0xd8a0</load_address>
         <run_address>0xd8a0</run_address>
         <size>0x12</size>
         <input_file_ref idref="fl-12"/>
      </object_component>
      <object_component id="oc-57b">
         <name>.text:_outc</name>
         <load_address>0xd8b2</load_address>
         <run_address>0xd8b2</run_address>
         <size>0x12</size>
         <input_file_ref idref="fl-58"/>
      </object_component>
      <object_component id="oc-48a">
         <name>.text:memcpy</name>
         <load_address>0xd8c4</load_address>
         <run_address>0xd8c4</run_address>
         <size>0x12</size>
         <input_file_ref idref="fl-56"/>
      </object_component>
      <object_component id="oc-42c">
         <name>.text:RTC_init</name>
         <load_address>0xd8d6</load_address>
         <run_address>0xd8d6</run_address>
         <size>0x10</size>
         <input_file_ref idref="fl-12"/>
      </object_component>
      <object_component id="oc-370">
         <name>.text:sound_alarm</name>
         <load_address>0xd8e6</load_address>
         <run_address>0xd8e6</run_address>
         <size>0xe</size>
         <input_file_ref idref="fl-3"/>
      </object_component>
      <object_component id="oc-481">
         <name>.text:strlen</name>
         <load_address>0xd8f4</load_address>
         <run_address>0xd8f4</run_address>
         <size>0xe</size>
         <input_file_ref idref="fl-59"/>
      </object_component>
      <object_component id="oc-55c">
         <name>.text:LCD_E_on</name>
         <load_address>0xd902</load_address>
         <run_address>0xd902</run_address>
         <size>0xc</size>
         <input_file_ref idref="fl-f"/>
      </object_component>
      <object_component id="oc-544">
         <name>.text:LCD_E_setChargePumpFreq</name>
         <load_address>0xd90e</load_address>
         <run_address>0xd90e</run_address>
         <size>0xc</size>
         <input_file_ref idref="fl-f"/>
      </object_component>
      <object_component id="oc-538">
         <name>.text:LCD_E_setVLCDVoltage</name>
         <load_address>0xd91a</load_address>
         <run_address>0xd91a</run_address>
         <size>0xc</size>
         <input_file_ref idref="fl-f"/>
      </object_component>
      <object_component id="oc-2a1">
         <name>.text:_isr:RTC_ISR</name>
         <load_address>0xd926</load_address>
         <run_address>0xd926</run_address>
         <size>0xc</size>
         <input_file_ref idref="fl-3"/>
      </object_component>
      <object_component id="oc-510">
         <name>.text:CS_setExternalClockSource</name>
         <load_address>0xd932</load_address>
         <run_address>0xd932</run_address>
         <size>0xa</size>
         <input_file_ref idref="fl-6"/>
      </object_component>
      <object_component id="oc-556">
         <name>.text:LCD_E_selectDisplayMemory</name>
         <load_address>0xd93c</load_address>
         <run_address>0xd93c</run_address>
         <size>0xa</size>
         <input_file_ref idref="fl-f"/>
      </object_component>
      <object_component id="oc-438">
         <name>.text:RTC_enableInterrupt</name>
         <load_address>0xd946</load_address>
         <run_address>0xd946</run_address>
         <size>0xa</size>
         <input_file_ref idref="fl-12"/>
      </object_component>
      <object_component id="oc-5de">
         <name>.text</name>
         <load_address>0xd950</load_address>
         <run_address>0xd950</run_address>
         <size>0xa</size>
         <input_file_ref idref="fl-46"/>
      </object_component>
      <object_component id="oc-5d3">
         <name>.text</name>
         <load_address>0xd95a</load_address>
         <run_address>0xd95a</run_address>
         <size>0xa</size>
         <input_file_ref idref="fl-47"/>
      </object_component>
      <object_component id="oc-2ee">
         <name>.text:ADC_getInterruptStatus</name>
         <load_address>0xd964</load_address>
         <run_address>0xd964</run_address>
         <size>0x8</size>
         <input_file_ref idref="fl-4"/>
      </object_component>
      <object_component id="oc-53e">
         <name>.text:LCD_E_enableChargePump</name>
         <load_address>0xd96c</load_address>
         <run_address>0xd96c</run_address>
         <size>0x8</size>
         <input_file_ref idref="fl-f"/>
      </object_component>
      <object_component id="oc-4a4">
         <name>.text:Timer_A_stop</name>
         <load_address>0xd974</load_address>
         <run_address>0xd974</run_address>
         <size>0x8</size>
         <input_file_ref idref="fl-17"/>
      </object_component>
      <object_component id="oc-296">
         <name>.text:_isr:__TI_ISR_TRAP</name>
         <load_address>0xd97c</load_address>
         <run_address>0xd97c</run_address>
         <size>0x8</size>
         <input_file_ref idref="fl-45"/>
      </object_component>
      <object_component id="oc-2f4">
         <name>.text:ADC_clearInterrupt</name>
         <load_address>0xd984</load_address>
         <run_address>0xd984</run_address>
         <size>0x6</size>
         <input_file_ref idref="fl-4"/>
      </object_component>
      <object_component id="oc-2fd">
         <name>.text:ADC_getResults</name>
         <load_address>0xd98a</load_address>
         <run_address>0xd98a</run_address>
         <size>0x6</size>
         <input_file_ref idref="fl-4"/>
      </object_component>
      <object_component id="oc-54a">
         <name>.text:LCD_E_clearAllMemory</name>
         <load_address>0xd990</load_address>
         <run_address>0xd990</run_address>
         <size>0x6</size>
         <input_file_ref idref="fl-f"/>
      </object_component>
      <object_component id="oc-414">
         <name>.text:PMM_unlockLPM5</name>
         <load_address>0xd996</load_address>
         <run_address>0xd996</run_address>
         <size>0x6</size>
         <input_file_ref idref="fl-11"/>
      </object_component>
      <object_component id="oc-432">
         <name>.text:RTC_clearInterrupt</name>
         <load_address>0xd99c</load_address>
         <run_address>0xd99c</run_address>
         <size>0x6</size>
         <input_file_ref idref="fl-12"/>
      </object_component>
      <object_component id="oc-3b5">
         <name>.text:abort</name>
         <load_address>0xd9a2</load_address>
         <run_address>0xd9a2</run_address>
         <size>0x6</size>
         <input_file_ref idref="fl-53"/>
      </object_component>
      <object_component id="oc-311">
         <name>.text:_system_pre_init</name>
         <load_address>0xd9a8</load_address>
         <run_address>0xd9a8</run_address>
         <size>0x4</size>
         <input_file_ref idref="fl-4f"/>
      </object_component>
      <object_component id="oc-4d4">
         <name>.text:_system_post_cinit</name>
         <load_address>0xd9ac</load_address>
         <run_address>0xd9ac</run_address>
         <size>0x2</size>
         <input_file_ref idref="fl-50"/>
      </object_component>
      <object_component id="oc-471">
         <name>.common:param</name>
         <uninitialized>true</uninitialized>
         <run_address>0x2000</run_address>
         <size>0xc</size>
      </object_component>
      <object_component id="oc-369">
         <name>.common:reed_fired_zone</name>
         <uninitialized>true</uninitialized>
         <run_address>0x2014</run_address>
         <size>0x2</size>
      </object_component>
      <object_component id="oc-35a">
         <name>.common:zone_states</name>
         <uninitialized>true</uninitialized>
         <run_address>0x200c</run_address>
         <size>0x6</size>
      </object_component>
      <object_component id="oc-3ae">
         <name>.common:countdown</name>
         <uninitialized>true</uninitialized>
         <run_address>0x2012</run_address>
         <size>0x2</size>
      </object_component>
      <object_component id="oc-3ad">
         <name>.common:timer_value</name>
         <uninitialized>true</uninitialized>
         <run_address>0x2016</run_address>
         <size>0x2</size>
      </object_component>
      <object_component id="oc-2fa">
         <name>.data</name>
         <load_address>0x2022</load_address>
         <run_address>0x2022</run_address>
         <size>0x6</size>
         <input_file_ref idref="fl-3"/>
      </object_component>
      <object_component id="oc-59e">
         <name>.data:nums</name>
         <load_address>0x2018</load_address>
         <run_address>0x2018</run_address>
         <size>0xa</size>
         <input_file_ref idref="fl-3"/>
      </object_component>
      <object_component id="oc-5cd">
         <name>.data</name>
         <load_address>0x2028</load_address>
         <run_address>0x2028</run_address>
         <size>0x4</size>
         <input_file_ref idref="fl-6"/>
      </object_component>
      <object_component id="oc-27b">
         <name>.stack</name>
         <uninitialized>true</uninitialized>
         <run_address>0x2760</run_address>
         <size>0x2</size>
         <input_file_ref idref="fl-4a"/>
      </object_component>
      <object_component id="oc-6b1">
         <name>.stack</name>
         <uninitialized>true</uninitialized>
         <run_address>0x2760</run_address>
         <size>0x0</size>
      </object_component>
      <object_component id="oc-70">
         <name>.int45</name>
         <load_address>0xffe2</load_address>
         <run_address>0xffe2</run_address>
         <size>0x2</size>
         <input_file_ref idref="fl-39"/>
      </object_component>
      <object_component id="oc-71">
         <name>.int46</name>
         <load_address>0xffe4</load_address>
         <run_address>0xffe4</run_address>
         <size>0x2</size>
         <input_file_ref idref="fl-3a"/>
      </object_component>
      <object_component id="oc-72">
         <name>.int47</name>
         <load_address>0xffe6</load_address>
         <run_address>0xffe6</run_address>
         <size>0x2</size>
         <input_file_ref idref="fl-3b"/>
      </object_component>
      <object_component id="oc-73">
         <name>.int48</name>
         <load_address>0xffe8</load_address>
         <run_address>0xffe8</run_address>
         <size>0x2</size>
         <input_file_ref idref="fl-3"/>
      </object_component>
      <object_component id="oc-74">
         <name>.int49</name>
         <load_address>0xffea</load_address>
         <run_address>0xffea</run_address>
         <size>0x2</size>
         <input_file_ref idref="fl-3c"/>
      </object_component>
      <object_component id="oc-75">
         <name>.int50</name>
         <load_address>0xffec</load_address>
         <run_address>0xffec</run_address>
         <size>0x2</size>
         <input_file_ref idref="fl-3d"/>
      </object_component>
      <object_component id="oc-76">
         <name>.int51</name>
         <load_address>0xffee</load_address>
         <run_address>0xffee</run_address>
         <size>0x2</size>
         <input_file_ref idref="fl-3e"/>
      </object_component>
      <object_component id="oc-77">
         <name>.int52</name>
         <load_address>0xfff0</load_address>
         <run_address>0xfff0</run_address>
         <size>0x2</size>
         <input_file_ref idref="fl-3"/>
      </object_component>
      <object_component id="oc-78">
         <name>.int53</name>
         <load_address>0xfff2</load_address>
         <run_address>0xfff2</run_address>
         <size>0x2</size>
         <input_file_ref idref="fl-3f"/>
      </object_component>
      <object_component id="oc-79">
         <name>.int54</name>
         <load_address>0xfff4</load_address>
         <run_address>0xfff4</run_address>
         <size>0x2</size>
         <input_file_ref idref="fl-40"/>
      </object_component>
      <object_component id="oc-7a">
         <name>.int55</name>
         <load_address>0xfff6</load_address>
         <run_address>0xfff6</run_address>
         <size>0x2</size>
         <input_file_ref idref="fl-41"/>
      </object_component>
      <object_component id="oc-7b">
         <name>.int56</name>
         <load_address>0xfff8</load_address>
         <run_address>0xfff8</run_address>
         <size>0x2</size>
         <input_file_ref idref="fl-42"/>
      </object_component>
      <object_component id="oc-7c">
         <name>.int57</name>
         <load_address>0xfffa</load_address>
         <run_address>0xfffa</run_address>
         <size>0x2</size>
         <input_file_ref idref="fl-43"/>
      </object_component>
      <object_component id="oc-7d">
         <name>.int58</name>
         <load_address>0xfffc</load_address>
         <run_address>0xfffc</run_address>
         <size>0x2</size>
         <input_file_ref idref="fl-44"/>
      </object_component>
      <object_component id="oc-27e">
         <name>.reset</name>
         <load_address>0xfffe</load_address>
         <run_address>0xfffe</run_address>
         <size>0x2</size>
         <input_file_ref idref="fl-4a"/>
      </object_component>
      <object_component id="oc-3f4">
         <name>.debug_info</name>
         <load_address>0x0</load_address>
         <run_address>0x0</run_address>
         <size>0x498</size>
         <input_file_ref idref="fl-2"/>
      </object_component>
      <object_component id="oc-49a">
         <name>.debug_info</name>
         <load_address>0x498</load_address>
         <run_address>0x498</run_address>
         <size>0xc9</size>
         <input_file_ref idref="fl-2"/>
      </object_component>
      <object_component id="oc-497">
         <name>.debug_info</name>
         <load_address>0x561</load_address>
         <run_address>0x561</run_address>
         <size>0xd5</size>
         <input_file_ref idref="fl-2"/>
      </object_component>
      <object_component id="oc-52a">
         <name>.debug_info</name>
         <load_address>0x636</load_address>
         <run_address>0x636</run_address>
         <size>0xcc</size>
         <input_file_ref idref="fl-2"/>
      </object_component>
      <object_component id="oc-4b2">
         <name>.debug_info</name>
         <load_address>0x702</load_address>
         <run_address>0x702</run_address>
         <size>0xcc</size>
         <input_file_ref idref="fl-2"/>
      </object_component>
      <object_component id="oc-488">
         <name>.debug_info</name>
         <load_address>0x7ce</load_address>
         <run_address>0x7ce</run_address>
         <size>0xcc</size>
         <input_file_ref idref="fl-2"/>
      </object_component>
      <object_component id="oc-38a">
         <name>.debug_info</name>
         <load_address>0x89a</load_address>
         <run_address>0x89a</run_address>
         <size>0x15b</size>
         <input_file_ref idref="fl-2"/>
      </object_component>
      <object_component id="oc-384">
         <name>.debug_info</name>
         <load_address>0x9f5</load_address>
         <run_address>0x9f5</run_address>
         <size>0x1e4</size>
         <input_file_ref idref="fl-2"/>
      </object_component>
      <object_component id="oc-39c">
         <name>.debug_info</name>
         <load_address>0xbd9</load_address>
         <run_address>0xbd9</run_address>
         <size>0x1fa</size>
         <input_file_ref idref="fl-2"/>
      </object_component>
      <object_component id="oc-377">
         <name>.debug_info</name>
         <load_address>0xdd3</load_address>
         <run_address>0xdd3</run_address>
         <size>0xff</size>
         <input_file_ref idref="fl-2"/>
      </object_component>
      <object_component id="oc-40f">
         <name>.debug_info</name>
         <load_address>0xed2</load_address>
         <run_address>0xed2</run_address>
         <size>0x299</size>
         <input_file_ref idref="fl-2"/>
      </object_component>
      <object_component id="oc-454">
         <name>.debug_info</name>
         <load_address>0x116b</load_address>
         <run_address>0x116b</run_address>
         <size>0x26b</size>
         <input_file_ref idref="fl-2"/>
      </object_component>
      <object_component id="oc-4f7">
         <name>.debug_info</name>
         <load_address>0x13d6</load_address>
         <run_address>0x13d6</run_address>
         <size>0x9e</size>
         <input_file_ref idref="fl-2"/>
      </object_component>
      <object_component id="oc-44f">
         <name>.debug_info</name>
         <load_address>0x1474</load_address>
         <run_address>0x1474</run_address>
         <size>0x392</size>
         <input_file_ref idref="fl-2"/>
      </object_component>
      <object_component id="oc-33c">
         <name>.debug_info</name>
         <load_address>0x1806</load_address>
         <run_address>0x1806</run_address>
         <size>0x8b</size>
         <input_file_ref idref="fl-2"/>
      </object_component>
      <object_component id="oc-342">
         <name>.debug_info</name>
         <load_address>0x1891</load_address>
         <run_address>0x1891</run_address>
         <size>0x275</size>
         <input_file_ref idref="fl-2"/>
      </object_component>
      <object_component id="oc-304">
         <name>.debug_info</name>
         <load_address>0x1b06</load_address>
         <run_address>0x1b06</run_address>
         <size>0xbb</size>
         <input_file_ref idref="fl-2"/>
      </object_component>
      <object_component id="oc-4fc">
         <name>.debug_info</name>
         <load_address>0x1bc1</load_address>
         <run_address>0x1bc1</run_address>
         <size>0x2c</size>
         <input_file_ref idref="fl-2"/>
      </object_component>
      <object_component id="oc-600">
         <name>.debug_info</name>
         <load_address>0x1bed</load_address>
         <run_address>0x1bed</run_address>
         <size>0x2c</size>
         <input_file_ref idref="fl-2"/>
      </object_component>
      <object_component id="oc-35b">
         <name>.debug_info</name>
         <load_address>0x1c19</load_address>
         <run_address>0x1c19</run_address>
         <size>0xb66</size>
         <input_file_ref idref="fl-3"/>
      </object_component>
      <object_component id="oc-2fb">
         <name>.debug_info</name>
         <load_address>0x277f</load_address>
         <run_address>0x277f</run_address>
         <size>0x135</size>
         <input_file_ref idref="fl-3"/>
      </object_component>
      <object_component id="oc-59f">
         <name>.debug_info</name>
         <load_address>0x28b4</load_address>
         <run_address>0x28b4</run_address>
         <size>0xc4</size>
         <input_file_ref idref="fl-3"/>
      </object_component>
      <object_component id="oc-466">
         <name>.debug_info</name>
         <load_address>0x2978</load_address>
         <run_address>0x2978</run_address>
         <size>0x1a1</size>
         <input_file_ref idref="fl-3"/>
      </object_component>
      <object_component id="oc-45a">
         <name>.debug_info</name>
         <load_address>0x2b19</load_address>
         <run_address>0x2b19</run_address>
         <size>0x19f</size>
         <input_file_ref idref="fl-3"/>
      </object_component>
      <object_component id="oc-37d">
         <name>.debug_info</name>
         <load_address>0x2cb8</load_address>
         <run_address>0x2cb8</run_address>
         <size>0x177</size>
         <input_file_ref idref="fl-3"/>
      </object_component>
      <object_component id="oc-371">
         <name>.debug_info</name>
         <load_address>0x2e2f</load_address>
         <run_address>0x2e2f</run_address>
         <size>0x117</size>
         <input_file_ref idref="fl-3"/>
      </object_component>
      <object_component id="oc-4b7">
         <name>.debug_info</name>
         <load_address>0x2f46</load_address>
         <run_address>0x2f46</run_address>
         <size>0x15f</size>
         <input_file_ref idref="fl-3"/>
      </object_component>
      <object_component id="oc-3a8">
         <name>.debug_info</name>
         <load_address>0x30a5</load_address>
         <run_address>0x30a5</run_address>
         <size>0x259</size>
         <input_file_ref idref="fl-3"/>
      </object_component>
      <object_component id="oc-34f">
         <name>.debug_info</name>
         <load_address>0x32fe</load_address>
         <run_address>0x32fe</run_address>
         <size>0x12b</size>
         <input_file_ref idref="fl-3"/>
      </object_component>
      <object_component id="oc-396">
         <name>.debug_info</name>
         <load_address>0x3429</load_address>
         <run_address>0x3429</run_address>
         <size>0x225</size>
         <input_file_ref idref="fl-3"/>
      </object_component>
      <object_component id="oc-364">
         <name>.debug_info</name>
         <load_address>0x364e</load_address>
         <run_address>0x364e</run_address>
         <size>0x16f</size>
         <input_file_ref idref="fl-3"/>
      </object_component>
      <object_component id="oc-460">
         <name>.debug_info</name>
         <load_address>0x37bd</load_address>
         <run_address>0x37bd</run_address>
         <size>0x224</size>
         <input_file_ref idref="fl-3"/>
      </object_component>
      <object_component id="oc-3fd">
         <name>.debug_info</name>
         <load_address>0x39e1</load_address>
         <run_address>0x39e1</run_address>
         <size>0x323</size>
         <input_file_ref idref="fl-3"/>
      </object_component>
      <object_component id="oc-403">
         <name>.debug_info</name>
         <load_address>0x3d04</load_address>
         <run_address>0x3d04</run_address>
         <size>0x12b</size>
         <input_file_ref idref="fl-3"/>
      </object_component>
      <object_component id="oc-409">
         <name>.debug_info</name>
         <load_address>0x3e2f</load_address>
         <run_address>0x3e2f</run_address>
         <size>0x1ae</size>
         <input_file_ref idref="fl-3"/>
      </object_component>
      <object_component id="oc-349">
         <name>.debug_info</name>
         <load_address>0x3fdd</load_address>
         <run_address>0x3fdd</run_address>
         <size>0x2b9</size>
         <input_file_ref idref="fl-3"/>
      </object_component>
      <object_component id="oc-355">
         <name>.debug_info</name>
         <load_address>0x4296</load_address>
         <run_address>0x4296</run_address>
         <size>0x15f</size>
         <input_file_ref idref="fl-3"/>
      </object_component>
      <object_component id="oc-35e">
         <name>.debug_info</name>
         <load_address>0x43f5</load_address>
         <run_address>0x43f5</run_address>
         <size>0x1ae</size>
         <input_file_ref idref="fl-3"/>
      </object_component>
      <object_component id="oc-390">
         <name>.debug_info</name>
         <load_address>0x45a3</load_address>
         <run_address>0x45a3</run_address>
         <size>0x17b</size>
         <input_file_ref idref="fl-3"/>
      </object_component>
      <object_component id="oc-3a2">
         <name>.debug_info</name>
         <load_address>0x471e</load_address>
         <run_address>0x471e</run_address>
         <size>0x17a</size>
         <input_file_ref idref="fl-3"/>
      </object_component>
      <object_component id="oc-318">
         <name>.debug_info</name>
         <load_address>0x4898</load_address>
         <run_address>0x4898</run_address>
         <size>0x298</size>
         <input_file_ref idref="fl-3"/>
      </object_component>
      <object_component id="oc-2a2">
         <name>.debug_info</name>
         <load_address>0x4b30</load_address>
         <run_address>0x4b30</run_address>
         <size>0xf8</size>
         <input_file_ref idref="fl-3"/>
      </object_component>
      <object_component id="oc-29c">
         <name>.debug_info</name>
         <load_address>0x4c28</load_address>
         <run_address>0x4c28</run_address>
         <size>0x15e</size>
         <input_file_ref idref="fl-3"/>
      </object_component>
      <object_component id="oc-3b0">
         <name>.debug_info</name>
         <load_address>0x4d86</load_address>
         <run_address>0x4d86</run_address>
         <size>0x5a</size>
         <input_file_ref idref="fl-3"/>
      </object_component>
      <object_component id="oc-2fe">
         <name>.debug_info</name>
         <load_address>0x4de0</load_address>
         <run_address>0x4de0</run_address>
         <size>0x15f</size>
         <input_file_ref idref="fl-4"/>
      </object_component>
      <object_component id="oc-2ef">
         <name>.debug_info</name>
         <load_address>0x4f3f</load_address>
         <run_address>0x4f3f</run_address>
         <size>0x1c5</size>
         <input_file_ref idref="fl-4"/>
      </object_component>
      <object_component id="oc-2f5">
         <name>.debug_info</name>
         <load_address>0x5104</load_address>
         <run_address>0x5104</run_address>
         <size>0x1b9</size>
         <input_file_ref idref="fl-4"/>
      </object_component>
      <object_component id="oc-285">
         <name>.debug_info</name>
         <load_address>0x52bd</load_address>
         <run_address>0x52bd</run_address>
         <size>0x84</size>
         <input_file_ref idref="fl-5"/>
      </object_component>
      <object_component id="oc-5ce">
         <name>.debug_info</name>
         <load_address>0x5341</load_address>
         <run_address>0x5341</run_address>
         <size>0xf3</size>
         <input_file_ref idref="fl-6"/>
      </object_component>
      <object_component id="oc-51e">
         <name>.debug_info</name>
         <load_address>0x5434</load_address>
         <run_address>0x5434</run_address>
         <size>0x136</size>
         <input_file_ref idref="fl-6"/>
      </object_component>
      <object_component id="oc-511">
         <name>.debug_info</name>
         <load_address>0x556a</load_address>
         <run_address>0x556a</run_address>
         <size>0x18f</size>
         <input_file_ref idref="fl-6"/>
      </object_component>
      <object_component id="oc-517">
         <name>.debug_info</name>
         <load_address>0x56f9</load_address>
         <run_address>0x56f9</run_address>
         <size>0x22c</size>
         <input_file_ref idref="fl-6"/>
      </object_component>
      <object_component id="oc-572">
         <name>.debug_info</name>
         <load_address>0x5925</load_address>
         <run_address>0x5925</run_address>
         <size>0x154</size>
         <input_file_ref idref="fl-d"/>
      </object_component>
      <object_component id="oc-46e">
         <name>.debug_info</name>
         <load_address>0x5a79</load_address>
         <run_address>0x5a79</run_address>
         <size>0xe7</size>
         <input_file_ref idref="fl-d"/>
      </object_component>
      <object_component id="oc-4ab">
         <name>.debug_info</name>
         <load_address>0x5b60</load_address>
         <run_address>0x5b60</run_address>
         <size>0x1d6</size>
         <input_file_ref idref="fl-d"/>
      </object_component>
      <object_component id="oc-49e">
         <name>.debug_info</name>
         <load_address>0x5d36</load_address>
         <run_address>0x5d36</run_address>
         <size>0x1d8</size>
         <input_file_ref idref="fl-d"/>
      </object_component>
      <object_component id="oc-504">
         <name>.debug_info</name>
         <load_address>0x5f0e</load_address>
         <run_address>0x5f0e</run_address>
         <size>0x21f</size>
         <input_file_ref idref="fl-d"/>
      </object_component>
      <object_component id="oc-50b">
         <name>.debug_info</name>
         <load_address>0x612d</load_address>
         <run_address>0x612d</run_address>
         <size>0x21e</size>
         <input_file_ref idref="fl-d"/>
      </object_component>
      <object_component id="oc-427">
         <name>.debug_info</name>
         <load_address>0x634b</load_address>
         <run_address>0x634b</run_address>
         <size>0x1cd</size>
         <input_file_ref idref="fl-d"/>
      </object_component>
      <object_component id="oc-41b">
         <name>.debug_info</name>
         <load_address>0x6518</load_address>
         <run_address>0x6518</run_address>
         <size>0x1f2</size>
         <input_file_ref idref="fl-d"/>
      </object_component>
      <object_component id="oc-421">
         <name>.debug_info</name>
         <load_address>0x670a</load_address>
         <run_address>0x670a</run_address>
         <size>0x1cb</size>
         <input_file_ref idref="fl-d"/>
      </object_component>
      <object_component id="oc-36b">
         <name>.debug_info</name>
         <load_address>0x68d5</load_address>
         <run_address>0x68d5</run_address>
         <size>0x1d8</size>
         <input_file_ref idref="fl-d"/>
      </object_component>
      <object_component id="oc-5e7">
         <name>.debug_info</name>
         <load_address>0x6aad</load_address>
         <run_address>0x6aad</run_address>
         <size>0x14d</size>
         <input_file_ref idref="fl-f"/>
      </object_component>
      <object_component id="oc-539">
         <name>.debug_info</name>
         <load_address>0x6bfa</load_address>
         <run_address>0x6bfa</run_address>
         <size>0x19b</size>
         <input_file_ref idref="fl-f"/>
      </object_component>
      <object_component id="oc-533">
         <name>.debug_info</name>
         <load_address>0x6d95</load_address>
         <run_address>0x6d95</run_address>
         <size>0x1a1</size>
         <input_file_ref idref="fl-f"/>
      </object_component>
      <object_component id="oc-5d9">
         <name>.debug_info</name>
         <load_address>0x6f36</load_address>
         <run_address>0x6f36</run_address>
         <size>0x1ac</size>
         <input_file_ref idref="fl-f"/>
      </object_component>
      <object_component id="oc-524">
         <name>.debug_info</name>
         <load_address>0x70e2</load_address>
         <run_address>0x70e2</run_address>
         <size>0x2f4</size>
         <input_file_ref idref="fl-f"/>
      </object_component>
      <object_component id="oc-551">
         <name>.debug_info</name>
         <load_address>0x73d6</load_address>
         <run_address>0x73d6</run_address>
         <size>0x1ef</size>
         <input_file_ref idref="fl-f"/>
      </object_component>
      <object_component id="oc-545">
         <name>.debug_info</name>
         <load_address>0x75c5</load_address>
         <run_address>0x75c5</run_address>
         <size>0x195</size>
         <input_file_ref idref="fl-f"/>
      </object_component>
      <object_component id="oc-557">
         <name>.debug_info</name>
         <load_address>0x775a</load_address>
         <run_address>0x775a</run_address>
         <size>0x1bd</size>
         <input_file_ref idref="fl-f"/>
      </object_component>
      <object_component id="oc-55d">
         <name>.debug_info</name>
         <load_address>0x7917</load_address>
         <run_address>0x7917</run_address>
         <size>0x155</size>
         <input_file_ref idref="fl-f"/>
      </object_component>
      <object_component id="oc-52d">
         <name>.debug_info</name>
         <load_address>0x7a6c</load_address>
         <run_address>0x7a6c</run_address>
         <size>0x193</size>
         <input_file_ref idref="fl-f"/>
      </object_component>
      <object_component id="oc-53f">
         <name>.debug_info</name>
         <load_address>0x7bff</load_address>
         <run_address>0x7bff</run_address>
         <size>0x171</size>
         <input_file_ref idref="fl-f"/>
      </object_component>
      <object_component id="oc-54b">
         <name>.debug_info</name>
         <load_address>0x7d70</load_address>
         <run_address>0x7d70</run_address>
         <size>0x16d</size>
         <input_file_ref idref="fl-f"/>
      </object_component>
      <object_component id="oc-415">
         <name>.debug_info</name>
         <load_address>0x7edd</load_address>
         <run_address>0x7edd</run_address>
         <size>0x11d</size>
         <input_file_ref idref="fl-11"/>
      </object_component>
      <object_component id="oc-43f">
         <name>.debug_info</name>
         <load_address>0x7ffa</load_address>
         <run_address>0x7ffa</run_address>
         <size>0x18f</size>
         <input_file_ref idref="fl-12"/>
      </object_component>
      <object_component id="oc-42d">
         <name>.debug_info</name>
         <load_address>0x8189</load_address>
         <run_address>0x8189</run_address>
         <size>0x1c7</size>
         <input_file_ref idref="fl-12"/>
      </object_component>
      <object_component id="oc-439">
         <name>.debug_info</name>
         <load_address>0x8350</load_address>
         <run_address>0x8350</run_address>
         <size>0x1ab</size>
         <input_file_ref idref="fl-12"/>
      </object_component>
      <object_component id="oc-433">
         <name>.debug_info</name>
         <load_address>0x84fb</load_address>
         <run_address>0x84fb</run_address>
         <size>0x18e</size>
         <input_file_ref idref="fl-12"/>
      </object_component>
      <object_component id="oc-574">
         <name>.debug_info</name>
         <load_address>0x8689</load_address>
         <run_address>0x8689</run_address>
         <size>0x168</size>
         <input_file_ref idref="fl-17"/>
      </object_component>
      <object_component id="oc-4a5">
         <name>.debug_info</name>
         <load_address>0x87f1</load_address>
         <run_address>0x87f1</run_address>
         <size>0x166</size>
         <input_file_ref idref="fl-17"/>
      </object_component>
      <object_component id="oc-473">
         <name>.debug_info</name>
         <load_address>0x8957</load_address>
         <run_address>0x8957</run_address>
         <size>0x196</size>
         <input_file_ref idref="fl-17"/>
      </object_component>
      <object_component id="oc-3f7">
         <name>.debug_info</name>
         <load_address>0x8aed</load_address>
         <run_address>0x8aed</run_address>
         <size>0x17a</size>
         <input_file_ref idref="fl-1a"/>
      </object_component>
      <object_component id="oc-492">
         <name>.debug_info</name>
         <load_address>0x8c67</load_address>
         <run_address>0x8c67</run_address>
         <size>0x138</size>
         <input_file_ref idref="fl-35"/>
      </object_component>
      <object_component id="oc-591">
         <name>.debug_info</name>
         <load_address>0x8d9f</load_address>
         <run_address>0x8d9f</run_address>
         <size>0x124</size>
         <input_file_ref idref="fl-36"/>
      </object_component>
      <object_component id="oc-297">
         <name>.debug_info</name>
         <load_address>0x8ec3</load_address>
         <run_address>0x8ec3</run_address>
         <size>0x112</size>
         <input_file_ref idref="fl-45"/>
      </object_component>
      <object_component id="oc-5e1">
         <name>.debug_info</name>
         <load_address>0x8fd5</load_address>
         <run_address>0x8fd5</run_address>
         <size>0x123</size>
         <input_file_ref idref="fl-46"/>
      </object_component>
      <object_component id="oc-5d4">
         <name>.debug_info</name>
         <load_address>0x90f8</load_address>
         <run_address>0x90f8</run_address>
         <size>0x123</size>
         <input_file_ref idref="fl-47"/>
      </object_component>
      <object_component id="oc-4be">
         <name>.debug_info</name>
         <load_address>0x921b</load_address>
         <run_address>0x921b</run_address>
         <size>0x124</size>
         <input_file_ref idref="fl-48"/>
      </object_component>
      <object_component id="oc-27c">
         <name>.debug_info</name>
         <load_address>0x933f</load_address>
         <run_address>0x933f</run_address>
         <size>0x100</size>
         <input_file_ref idref="fl-4a"/>
      </object_component>
      <object_component id="oc-2bb">
         <name>.debug_info</name>
         <load_address>0x943f</load_address>
         <run_address>0x943f</run_address>
         <size>0x17a</size>
         <input_file_ref idref="fl-4a"/>
      </object_component>
      <object_component id="oc-4db">
         <name>.debug_info</name>
         <load_address>0x95b9</load_address>
         <run_address>0x95b9</run_address>
         <size>0x4a8</size>
         <input_file_ref idref="fl-4b"/>
      </object_component>
      <object_component id="oc-3db">
         <name>.debug_info</name>
         <load_address>0x9a61</load_address>
         <run_address>0x9a61</run_address>
         <size>0x216</size>
         <input_file_ref idref="fl-4b"/>
      </object_component>
      <object_component id="oc-5ba">
         <name>.debug_info</name>
         <load_address>0x9c77</load_address>
         <run_address>0x9c77</run_address>
         <size>0x39</size>
         <input_file_ref idref="fl-4b"/>
      </object_component>
      <object_component id="oc-5c6">
         <name>.debug_info</name>
         <load_address>0x9cb0</load_address>
         <run_address>0x9cb0</run_address>
         <size>0x2c</size>
         <input_file_ref idref="fl-4b"/>
      </object_component>
      <object_component id="oc-4e6">
         <name>.debug_info</name>
         <load_address>0x9cdc</load_address>
         <run_address>0x9cdc</run_address>
         <size>0x2c</size>
         <input_file_ref idref="fl-4b"/>
      </object_component>
      <object_component id="oc-5bf">
         <name>.debug_info</name>
         <load_address>0x9d08</load_address>
         <run_address>0x9d08</run_address>
         <size>0xcd</size>
         <input_file_ref idref="fl-4b"/>
      </object_component>
      <object_component id="oc-2ab">
         <name>.debug_info</name>
         <load_address>0x9dd5</load_address>
         <run_address>0x9dd5</run_address>
         <size>0x1d3</size>
         <input_file_ref idref="fl-4c"/>
      </object_component>
      <object_component id="oc-30b">
         <name>.debug_info</name>
         <load_address>0x9fa8</load_address>
         <run_address>0x9fa8</run_address>
         <size>0x46</size>
         <input_file_ref idref="fl-4c"/>
      </object_component>
      <object_component id="oc-315">
         <name>.debug_info</name>
         <load_address>0x9fee</load_address>
         <run_address>0x9fee</run_address>
         <size>0x153</size>
         <input_file_ref idref="fl-4f"/>
      </object_component>
      <object_component id="oc-4d5">
         <name>.debug_info</name>
         <load_address>0xa141</load_address>
         <run_address>0xa141</run_address>
         <size>0x150</size>
         <input_file_ref idref="fl-50"/>
      </object_component>
      <object_component id="oc-295">
         <name>.debug_info</name>
         <load_address>0xa291</load_address>
         <run_address>0xa291</run_address>
         <size>0x1da</size>
         <input_file_ref idref="fl-51"/>
      </object_component>
      <object_component id="oc-6b">
         <name>.debug_info</name>
         <load_address>0xa46b</load_address>
         <run_address>0xa46b</run_address>
         <size>0x1f2</size>
         <input_file_ref idref="fl-51"/>
      </object_component>
      <object_component id="oc-290">
         <name>.debug_info</name>
         <load_address>0xa65d</load_address>
         <run_address>0xa65d</run_address>
         <size>0x46</size>
         <input_file_ref idref="fl-51"/>
      </object_component>
      <object_component id="oc-66">
         <name>.debug_info</name>
         <load_address>0xa6a3</load_address>
         <run_address>0xa6a3</run_address>
         <size>0x2b8</size>
         <input_file_ref idref="fl-52"/>
      </object_component>
      <object_component id="oc-333">
         <name>.debug_info</name>
         <load_address>0xa95b</load_address>
         <run_address>0xa95b</run_address>
         <size>0x46</size>
         <input_file_ref idref="fl-52"/>
      </object_component>
      <object_component id="oc-2e5">
         <name>.debug_info</name>
         <load_address>0xa9a1</load_address>
         <run_address>0xa9a1</run_address>
         <size>0x39</size>
         <input_file_ref idref="fl-52"/>
      </object_component>
      <object_component id="oc-280">
         <name>.debug_info</name>
         <load_address>0xa9da</load_address>
         <run_address>0xa9da</run_address>
         <size>0x60</size>
         <input_file_ref idref="fl-52"/>
      </object_component>
      <object_component id="oc-3b6">
         <name>.debug_info</name>
         <load_address>0xaa3a</load_address>
         <run_address>0xaa3a</run_address>
         <size>0x122</size>
         <input_file_ref idref="fl-53"/>
      </object_component>
      <object_component id="oc-58e">
         <name>.debug_info</name>
         <load_address>0xab5c</load_address>
         <run_address>0xab5c</run_address>
         <size>0x181</size>
         <input_file_ref idref="fl-56"/>
      </object_component>
      <object_component id="oc-48e">
         <name>.debug_info</name>
         <load_address>0xacdd</load_address>
         <run_address>0xacdd</run_address>
         <size>0x17a</size>
         <input_file_ref idref="fl-56"/>
      </object_component>
      <object_component id="oc-56c">
         <name>.debug_info</name>
         <load_address>0xae57</load_address>
         <run_address>0xae57</run_address>
         <size>0x16d</size>
         <input_file_ref idref="fl-57"/>
      </object_component>
      <object_component id="oc-447">
         <name>.debug_info</name>
         <load_address>0xafc4</load_address>
         <run_address>0xafc4</run_address>
         <size>0x27b</size>
         <input_file_ref idref="fl-57"/>
      </object_component>
      <object_component id="oc-588">
         <name>.debug_info</name>
         <load_address>0xb23f</load_address>
         <run_address>0xb23f</run_address>
         <size>0x20b</size>
         <input_file_ref idref="fl-58"/>
      </object_component>
      <object_component id="oc-47e">
         <name>.debug_info</name>
         <load_address>0xb44a</load_address>
         <run_address>0xb44a</run_address>
         <size>0x1c2</size>
         <input_file_ref idref="fl-58"/>
      </object_component>
      <object_component id="oc-579">
         <name>.debug_info</name>
         <load_address>0xb60c</load_address>
         <run_address>0xb60c</run_address>
         <size>0x198</size>
         <input_file_ref idref="fl-58"/>
      </object_component>
      <object_component id="oc-57f">
         <name>.debug_info</name>
         <load_address>0xb7a4</load_address>
         <run_address>0xb7a4</run_address>
         <size>0x16d</size>
         <input_file_ref idref="fl-58"/>
      </object_component>
      <object_component id="oc-636">
         <name>.debug_info</name>
         <load_address>0xb911</load_address>
         <run_address>0xb911</run_address>
         <size>0x2c</size>
         <input_file_ref idref="fl-58"/>
      </object_component>
      <object_component id="oc-58a">
         <name>.debug_info</name>
         <load_address>0xb93d</load_address>
         <run_address>0xb93d</run_address>
         <size>0x162</size>
         <input_file_ref idref="fl-59"/>
      </object_component>
      <object_component id="oc-485">
         <name>.debug_info</name>
         <load_address>0xba9f</load_address>
         <run_address>0xba9f</run_address>
         <size>0x236</size>
         <input_file_ref idref="fl-59"/>
      </object_component>
      <object_component id="oc-28c">
         <name>.debug_info</name>
         <load_address>0xbcd5</load_address>
         <run_address>0xbcd5</run_address>
         <size>0x124</size>
         <input_file_ref idref="fl-5a"/>
      </object_component>
      <object_component id="oc-5ff">
         <name>.debug_info</name>
         <load_address>0xbdf9</load_address>
         <run_address>0xbdf9</run_address>
         <size>0x39d</size>
         <input_file_ref idref="fl-5c"/>
      </object_component>
      <object_component id="oc-628">
         <name>.debug_info</name>
         <load_address>0xc196</load_address>
         <run_address>0xc196</run_address>
         <size>0x29b</size>
         <input_file_ref idref="fl-5c"/>
      </object_component>
      <object_component id="oc-5f9">
         <name>.debug_info</name>
         <load_address>0xc431</load_address>
         <run_address>0xc431</run_address>
         <size>0x28f</size>
         <input_file_ref idref="fl-5c"/>
      </object_component>
      <object_component id="oc-582">
[...]
      <symbol id="sm-1f5">
         <name>UCB0IFG</name>
         <value>0x56c</value>
      </symbol>
      <symbol id="sm-1f6">
         <name>UCB0IFG_L</name>
         <value>0x56c</value>
      </symbol>
      <symbol id="sm-1f7">
         <name>UCB0IFG_H</name>
         <value>0x56d</value>
      </symbol>
      <symbol id="sm-1f8">
         <name>UCB0IV</name>
         <value>0x56e</value>
      </symbol>
      <symbol id="sm-1f9">
         <name>WDTCTL</name>
         <value>0x1cc</value>
      </symbol>
      <symbol id="sm-1fa">
         <name>WDTCTL_L</name>
         <value>0x1cc</value>
      </symbol>
      <symbol id="sm-1fb">
         <name>WDTCTL_H</name>
         <value>0x1cd</value>
      </symbol>
      <symbol id="sm-1fc">
         <name>__TI_CINIT_Base</name>
         <value>0xc424</value>
      </symbol>
      <symbol id="sm-1fd">
         <name>__TI_CINIT_Limit</name>
         <value>0xc434</value>
      </symbol>
      <symbol id="sm-1fe">
         <name>__TI_Handler_Table_Base</name>
         <value>0xc412</value>
      </symbol>
      <symbol id="sm-1ff">
         <name>__TI_Handler_Table_Limit</name>
         <value>0xc41e</value>
      </symbol>
      <symbol id="sm-200">
         <name>__STACK_SIZE</name>
         <value>0xa0</value>
      </symbol>
      <symbol id="sm-201">
         <name>__STACK_END</name>
         <value>0x2800</value>
      </symbol>
      <symbol id="sm-202">
         <name>__c_args__</name>
         <value>0xffffffff</value>
      </symbol>
      <symbol id="sm-203">
         <name>__TI_pprof_out_hndl</name>
         <value>0xffffffff</value>
      </symbol>
      <symbol id="sm-204">
         <name>__TI_prof_data_start</name>
         <value>0xffffffff</value>
      </symbol>
      <symbol id="sm-205">
         <name>__TI_prof_data_size</name>
         <value>0xffffffff</value>
      </symbol>
      <symbol id="sm-2dc">
         <name>param</name>
         <value>0x2000</value>
      </symbol>
      <symbol id="sm-2dd">
         <name>clearLCD</name>
         <value>0xd376</value>
         <object_component_ref idref="oc-376"/>
      </symbol>
      <symbol id="sm-2de">
         <name>displayScrollText</name>
         <value>0xc9b2</value>
         <object_component_ref idref="oc-39b"/>
      </symbol>
      <symbol id="sm-2df">
         <name>showChar</name>
         <value>0xd0aa</value>
         <object_component_ref idref="oc-389"/>
      </symbol>
      <symbol id="sm-2e0">
         <name>Init_LCD</name>
         <value>0xca88</value>
         <object_component_ref idref="oc-40e"/>
      </symbol>
      <symbol id="sm-2e1">
         <name>alphabetBig</name>
         <value>0xc434</value>
         <object_component_ref idref="oc-496"/>
      </symbol>
      <symbol id="sm-2e2">
         <name>displayStaticText</name>
         <value>0xcdb2</value>
         <object_component_ref idref="oc-383"/>
      </symbol>
      <symbol id="sm-2e3">
         <name>digit</name>
         <value>0xc4b8</value>
         <object_component_ref idref="oc-499"/>
      </symbol>
      <symbol id="sm-3cc">
         <name>reed_fired_zone</name>
         <value>0x2014</value>
      </symbol>
      <symbol id="sm-3cd">
         <name>zone_states</name>
         <value>0x200c</value>
      </symbol>
      <symbol id="sm-3ce">
         <name>countdown</name>
         <value>0x2012</value>
      </symbol>
      <symbol id="sm-3cf">
         <name>timer_value</name>
         <value>0x2016</value>
      </symbol>
      <symbol id="sm-3d0">
         <name>initialize_board</name>
         <value>0xcefc</value>
         <object_component_ref idref="oc-348"/>
      </symbol>
      <symbol id="sm-3d1">
         <name>ADC_ISR</name>
         <value>0xd5de</value>
         <object_component_ref idref="oc-29b"/>
      </symbol>
      <symbol id="sm-3d2">
         <name>done</name>
         <value>0x2027</value>
         <object_component_ref idref="oc-2fa"/>
      </symbol>
      <symbol id="sm-3d3">
         <name>reset_alarm</name>
         <value>0xd202</value>
         <object_component_ref idref="oc-395"/>
      </symbol>
      <symbol id="sm-3d4">
         <name>Init_GPIO</name>
         <value>0xcb5a</value>
         <object_component_ref idref="oc-3fc"/>
      </symbol>
      <symbol id="sm-3d5">
         <name>reed_fire</name>
         <value>0xd2ac</value>
         <object_component_ref idref="oc-363"/>
      </symbol>
      <symbol id="sm-3d6">
         <name>__TI_int48</name>
         <value>0xffe8</value>
         <object_component_ref idref="oc-73"/>
      </symbol>
      <symbol id="sm-3d7">
         <name>__TI_int52</name>
         <value>0xfff0</value>
         <object_component_ref idref="oc-77"/>
      </symbol>
      <symbol id="sm-3d8">
         <name>display_ok_zones_led</name>
         <value>0xd57a</value>
         <object_component_ref idref="oc-35d"/>
      </symbol>
      <symbol id="sm-3d9">
         <name>one_sec_passed</name>
         <value>0x2026</value>
         <object_component_ref idref="oc-2fa"/>
      </symbol>
      <symbol id="sm-3da">
         <name>Init_PWM</name>
         <value>0xd60e</value>
         <object_component_ref idref="oc-402"/>
      </symbol>
      <symbol id="sm-3db">
         <name>toggle_green_led_off</name>
         <value>0xd42e</value>
         <object_component_ref idref="oc-459"/>
      </symbol>
      <symbol id="sm-3dc">
         <name>Init_Clock</name>
         <value>0xd338</value>
         <object_component_ref idref="oc-408"/>
      </symbol>
      <symbol id="sm-3dd">
         <name>toggle_green_led_on</name>
         <value>0xd468</value>
         <object_component_ref idref="oc-465"/>
      </symbol>
      <symbol id="sm-3de">
         <name>reset_zone_states_lcd</name>
         <value>0xd6e0</value>
         <object_component_ref idref="oc-34e"/>
      </symbol>
      <symbol id="sm-3df">
         <name>start_countback</name>
         <value>0xd124</value>
         <object_component_ref idref="oc-37c"/>
      </symbol>
      <symbol id="sm-3e0">
         <name>main</name>
         <value>0xc7e6</value>
         <object_component_ref idref="oc-317"/>
      </symbol>
      <symbol id="sm-3e1">
         <name>init_led_armed</name>
         <value>0xd690</value>
         <object_component_ref idref="oc-38f"/>
      </symbol>
      <symbol id="sm-3e2">
         <name>ADCResult</name>
         <value>0x2024</value>
         <object_component_ref idref="oc-2fa"/>
      </symbol>
      <symbol id="sm-3e3">
         <name>ADCState</name>
         <value>0x2022</value>
         <object_component_ref idref="oc-2fa"/>
      </symbol>
      <symbol id="sm-3e4">
         <name>orange_and_red_led_on</name>
         <value>0xc5f0</value>
         <object_component_ref idref="oc-45f"/>
      </symbol>
      <symbol id="sm-3e5">
         <name>nums</name>
         <value>0x2018</value>
         <object_component_ref idref="oc-59e"/>
      </symbol>
      <symbol id="sm-3e6">
         <name>init_led_unarmed</name>
         <value>0xd6b8</value>
         <object_component_ref idref="oc-3a1"/>
      </symbol>
      <symbol id="sm-3e7">
         <name>sound_alarm</name>
         <value>0xd8e6</value>
         <object_component_ref idref="oc-370"/>
      </symbol>
      <symbol id="sm-3e8">
         <name>set_time</name>
         <value>0xcf96</value>
         <object_component_ref idref="oc-3a7"/>
      </symbol>
      <symbol id="sm-3e9">
         <name>RTC_ISR</name>
         <value>0xd926</value>
         <object_component_ref idref="oc-2a1"/>
      </symbol>
      <symbol id="sm-3ea">
         <name>show_time_lcd</name>
         <value>0xd708</value>
         <object_component_ref idref="oc-4b6"/>
      </symbol>
      <symbol id="sm-3eb">
         <name>display_zone_states_lcd</name>
         <value>0xd4a2</value>
         <object_component_ref idref="oc-354"/>
      </symbol>
      <symbol id="sm-402">
         <name>ADC_getInterruptStatus</name>
         <value>0xd964</value>
         <object_component_ref idref="oc-2ee"/>
      </symbol>
      <symbol id="sm-403">
         <name>ADC_getResults</name>
         <value>0xd98a</value>
         <object_component_ref idref="oc-2fd"/>
      </symbol>
      <symbol id="sm-404">
         <name>ADC_clearInterrupt</name>
         <value>0xd984</value>
         <object_component_ref idref="oc-2f4"/>
      </symbol>
      <symbol id="sm-433">
         <name>CS_setExternalClockSource</name>
         <value>0xd932</value>
         <object_component_ref idref="oc-510"/>
      </symbol>
      <symbol id="sm-434">
         <name>CS_turnOnXT1LF</name>
         <value>0xd5ae</value>
         <object_component_ref idref="oc-51c"/>
      </symbol>
      <symbol id="sm-435">
         <name>CS_initClockSignal</name>
         <value>0xcc26</value>
         <object_component_ref idref="oc-516"/>
      </symbol>
      <symbol id="sm-48d">
         <name>GPIO_setAsInputPin</name>
         <value>0xd76e</value>
         <object_component_ref idref="oc-420"/>
      </symbol>
      <symbol id="sm-48e">
         <name>GPIO_setOutputHighOnPin</name>
         <value>0xd80e</value>
         <object_component_ref idref="oc-49d"/>
      </symbol>
      <symbol id="sm-48f">
         <name>GPIO_setAsInputPinWithPullUpResistor</name>
         <value>0xd72c</value>
         <object_component_ref idref="oc-41a"/>
      </symbol>
      <symbol id="sm-490">
         <name>GPIO_setAsOutputPin</name>
         <value>0xd7c2</value>
         <object_component_ref idref="oc-426"/>
      </symbol>
      <symbol id="sm-491">
         <name>GPIO_setOutputLowOnPin</name>
         <value>0xd824</value>
         <object_component_ref idref="oc-4aa"/>
      </symbol>
      <symbol id="sm-492">
         <name>GPIO_setAsPeripheralModuleFunctionOutputPin</name>
         <value>0xd546</value>
         <object_component_ref idref="oc-503"/>
      </symbol>
      <symbol id="sm-493">
         <name>GPIO_getInputPinValue</name>
         <value>0xd7a8</value>
         <object_component_ref idref="oc-36a"/>
      </symbol>
      <symbol id="sm-494">
         <name>GPIO_setAsPeripheralModuleFunctionInputPin</name>
         <value>0xd512</value>
         <object_component_ref idref="oc-50a"/>
      </symbol>
      <symbol id="sm-4f5">
         <name>LCD_E_clearAllMemory</name>
         <value>0xd990</value>
         <object_component_ref idref="oc-54a"/>
      </symbol>
      <symbol id="sm-4f6">
         <name>LCD_E_on</name>
         <value>0xd902</value>
         <object_component_ref idref="oc-55c"/>
      </symbol>
      <symbol id="sm-4f7">
         <name>LCD_E_setPinAsCOM</name>
         <value>0xce5e</value>
         <object_component_ref idref="oc-550"/>
      </symbol>
      <symbol id="sm-4f8">
         <name>LCD_E_setVLCDSource</name>
         <value>0xd88e</value>
         <object_component_ref idref="oc-532"/>
      </symbol>
      <symbol id="sm-4f9">
         <name>LCD_E_selectDisplayMemory</name>
         <value>0xd93c</value>
         <object_component_ref idref="oc-556"/>
      </symbol>
      <symbol id="sm-4fa">
         <name>LCD_E_setChargePumpFreq</name>
         <value>0xd90e</value>
         <object_component_ref idref="oc-544"/>
      </symbol>
      <symbol id="sm-4fb">
         <name>LCD_E_init</name>
         <value>0xd668</value>
         <object_component_ref idref="oc-52c"/>
      </symbol>
      <symbol id="sm-4fc">
         <name>LCD_E_enableChargePump</name>
         <value>0xd96c</value>
         <object_component_ref idref="oc-53e"/>
      </symbol>
      <symbol id="sm-4fd">
         <name>LCD_E_setVLCDVoltage</name>
         <value>0xd91a</value>
         <object_component_ref idref="oc-538"/>
      </symbol>
      <symbol id="sm-4fe">
         <name>LCD_E_setPinAsLCDFunctionEx</name>
         <value>0xd02a</value>
         <object_component_ref idref="oc-523"/>
      </symbol>
      <symbol id="sm-508">
         <name>PMM_unlockLPM5</name>
         <value>0xd996</value>
         <object_component_ref idref="oc-414"/>
      </symbol>
      <symbol id="sm-527">
         <name>RTC_enableInterrupt</name>
         <value>0xd946</value>
         <object_component_ref idref="oc-438"/>
      </symbol>
      <symbol id="sm-528">
         <name>RTC_init</name>
         <value>0xd8d6</value>
         <object_component_ref idref="oc-42c"/>
      </symbol>
      <symbol id="sm-529">
         <name>RTC_start</name>
         <value>0xd8a0</value>
         <object_component_ref idref="oc-43e"/>
      </symbol>
      <symbol id="sm-52a">
         <name>RTC_clearInterrupt</name>
         <value>0xd99c</value>
         <object_component_ref idref="oc-432"/>
      </symbol>
      <symbol id="sm-541">
         <name>Timer_A_outputPWM</name>
         <value>0xd25c</value>
         <object_component_ref idref="oc-472"/>
      </symbol>
      <symbol id="sm-542">
         <name>Timer_A_stop</name>
         <value>0xd974</value>
         <object_component_ref idref="oc-4a4"/>
      </symbol>
      <symbol id="sm-54d">
         <name>WDT_A_hold</name>
         <value>0xd83a</value>
         <object_component_ref idref="oc-3f6"/>
      </symbol>
      <symbol id="sm-559">
         <name>__mspabi_remi</name>
         <value>0xd63c</value>
         <object_component_ref idref="oc-491"/>
      </symbol>
      <symbol id="sm-55a">
         <name>__mspabi_divi</name>
         <value>0xd63c</value>
         <object_component_ref idref="oc-491"/>
      </symbol>
      <symbol id="sm-564">
         <name>__mspabi_remu</name>
         <value>0xd850</value>
         <object_component_ref idref="oc-58f"/>
      </symbol>
      <symbol id="sm-565">
         <name>__mspabi_divu</name>
         <value>0xd850</value>
         <object_component_ref idref="oc-58f"/>
      </symbol>
      <symbol id="sm-56a">
         <name>__TI_int45</name>
         <value>0xffe2</value>
         <object_component_ref idref="oc-70"/>
      </symbol>
      <symbol id="sm-56d">
         <name>__TI_int46</name>
         <value>0xffe4</value>
         <object_component_ref idref="oc-71"/>
      </symbol>
      <symbol id="sm-570">
         <name>__TI_int47</name>
         <value>0xffe6</value>
         <object_component_ref idref="oc-72"/>
      </symbol>
      <symbol id="sm-573">
         <name>__TI_int49</name>
         <value>0xffea</value>
         <object_component_ref idref="oc-74"/>
      </symbol>
      <symbol id="sm-576">
         <name>__TI_int50</name>
         <value>0xffec</value>
         <object_component_ref idref="oc-75"/>
      </symbol>
      <symbol id="sm-579">
         <name>__TI_int51</name>
         <value>0xffee</value>
         <object_component_ref idref="oc-76"/>
      </symbol>
      <symbol id="sm-57c">
         <name>__TI_int53</name>
         <value>0xfff2</value>
         <object_component_ref idref="oc-78"/>
      </symbol>
      <symbol id="sm-57f">
         <name>__TI_int54</name>
         <value>0xfff4</value>
         <object_component_ref idref="oc-79"/>
      </symbol>
      <symbol id="sm-582">
         <name>__TI_int55</name>
         <value>0xfff6</value>
         <object_component_ref idref="oc-7a"/>
      </symbol>
      <symbol id="sm-585">
         <name>__TI_int56</name>
         <value>0xfff8</value>
         <object_component_ref idref="oc-7b"/>
      </symbol>
      <symbol id="sm-588">
         <name>__TI_int57</name>
         <value>0xfffa</value>
         <object_component_ref idref="oc-7c"/>
      </symbol>
      <symbol id="sm-58b">
         <name>__TI_int58</name>
         <value>0xfffc</value>
         <object_component_ref idref="oc-7d"/>
      </symbol>
      <symbol id="sm-593">
         <name>__TI_ISR_TRAP</name>
         <value>0xd97c</value>
         <object_component_ref idref="oc-296"/>
      </symbol>
      <symbol id="sm-59c">
         <name>__mspabi_slli</name>
         <value>0xd950</value>
         <object_component_ref idref="oc-5de"/>
      </symbol>
      <symbol id="sm-5a5">
         <name>__mspabi_srli</name>
         <value>0xd95a</value>
         <object_component_ref idref="oc-5d3"/>
      </symbol>
      <symbol id="sm-5af">
         <name>__mspabi_mpyi_sw</name>
         <value>0xd87a</value>
         <object_component_ref idref="oc-4bc"/>
      </symbol>
      <symbol id="sm-5b0">
         <name>__mspabi_mpyi</name>
         <value>0xd87a</value>
         <object_component_ref idref="oc-4bc"/>
      </symbol>
      <symbol id="sm-5c1">
         <name>_stack</name>
         <value>0x2760</value>
         <object_component_ref idref="oc-27b"/>
      </symbol>
      <symbol id="sm-5c2">
         <name>_c_int00_noargs</name>
         <value>0xd78c</value>
         <object_component_ref idref="oc-2b9"/>
      </symbol>
      <symbol id="sm-5c3">
         <name>_reset_vector</name>
         <value>0xfffe</value>
         <object_component_ref idref="oc-27e"/>
      </symbol>
      <symbol id="sm-5e5">
         <name>__TI_auto_init_nobinit_nopinit_hold_wdt</name>
         <value>0xd198</value>
         <object_component_ref idref="oc-3d9"/>
      </symbol>
      <symbol id="sm-5f5">
         <name>__TI_zero_init_nomemset</name>
         <value>0xd3b4</value>
         <object_component_ref idref="oc-2a7"/>
      </symbol>
      <symbol id="sm-600">
         <name>_system_pre_init</name>
         <value>0xd9a8</value>
         <object_component_ref idref="oc-311"/>
      </symbol>
      <symbol id="sm-609">
         <name>_system_post_cinit</name>
         <value>0xd9ac</value>
         <object_component_ref idref="oc-4d4"/>
      </symbol>
      <symbol id="sm-61a">
         <name>__TI_decompress_none</name>
         <value>0xd3f2</value>
         <object_component_ref idref="oc-6a"/>
      </symbol>
      <symbol id="sm-63b">
         <name>__TI_decompress_lzss</name>
         <value>0xc6f8</value>
         <object_component_ref idref="oc-64"/>
      </symbol>
      <symbol id="sm-645">
         <name>C$$EXIT</name>
         <value>0xd9a2</value>
         <object_component_ref idref="oc-3b5"/>
      </symbol>
      <symbol id="sm-646">
         <name>abort</name>
         <value>0xd9a2</value>
         <object_component_ref idref="oc-3b5"/>
      </symbol>
      <symbol id="sm-656">
         <name>memcpy</name>
         <value>0xd8c4</value>
         <object_component_ref idref="oc-48a"/>
      </symbol>
      <symbol id="sm-664">
         <name>memset</name>
         <value>0xd866</value>
         <object_component_ref idref="oc-445"/>
      </symbol>
      <symbol id="sm-685">
         <name>sprintf</name>
         <value>0xd4da</value>
         <object_component_ref idref="oc-47a"/>
      </symbol>
      <symbol id="sm-692">
         <name>strlen</name>
         <value>0xd8f4</value>
         <object_component_ref idref="oc-481"/>
      </symbol>
      <symbol id="sm-69d">
         <name>__memcpy_far</name>
         <value>0xd2f8</value>
         <object_component_ref idref="oc-28a"/>
      </symbol>
      <symbol id="sm-6e7">
         <name>__TI_printfi_minimal</name>
         <value>0xc8ce</value>
         <object_component_ref idref="oc-581"/>
      </symbol>
      <symbol id="sm-6f6">
         <name>memccpy</name>
         <value>0xd7dc</value>
         <object_component_ref idref="oc-62d"/>
      </symbol>
   </symbol_table>
   <title>Link successful</title>
</link_info>
